// Jest Snapshot v1, https://goo.gl/fbAQLP

exports[`Renders coorectly 1`] = `"<SocialScreen />"`;
